[www.onyxsports.co/index.html]
[backblue.gif]
[fade.gif]
[index.html]
[www.onyxsports.co/static/imgs/favicon.ico]
[cdnjs.cloudflare.com/ajax/libs/normalize/3.0.0/normalize.min.css]
[cdnjs.cloudflare.com/ajax/libs/jqueryui/1.11.4/jquery-ui.css]
[blueimp.github.io/Gallery/css/blueimp-gallery.min.css]
[www.onyxsports.co/static/imgs/logo-onyx.png]
[www.onyxsports.co/contact-us/index.html]
[www.onyxsports.co/webhook-uploads/1535491007193/ONYX Website Catalogue 21.8.2018 - FINAL.pdf]
[www.onyxsports.co/basketball/index.html]
[www.onyxsports.co/privacy.html]
[www.onyxsports.co/hockey/index.html]
[www.onyxsports.co/league/index.html]
[www.onyxsports.co/terms.html]
[www.onyxsports.co/netball/index.html]
[www.onyxsports.co/off-field-apparel/index.html]
[www.onyxsports.co/static/javascript/5a104e61.jquery.min.js]
[www.onyxsports.co/rugby/index.html]
[www.onyxsports.co/soccer/index.html]
[www.onyxsports.co/waka-ama/index.html]
[www.onyxsports.co/touch-rugby/index.html]
[www.onyxsports.co/about-us/index.html]
[www.onyxsports.co/testimonial/index.html]
[blueimp.github.io/Gallery/js/jquery.blueimp-gallery.min.js]
[cdnjs.cloudflare.com/ajax/libs/modernizr/2.8.3/modernizr.min.js]
[code.jquery.com/jquery-migrate-1.2.1.min.js]
[www.onyxsports.co/static/javascript/e3a2b356.main.js]
[www.onyxsports.co/static/javascript/9ac8305e.bootstrap.js]
[cdnjs.cloudflare.com/ajax/libs/jqueryui/1.12.1/jquery-ui.min.js]
[www.onyxsports.co/static/javascript/800f7598.jquery.movingboxes.js]
[www.onyxsports.co/static/javascript/6c0edab4.jquery.easing.1.2.js]
[www.onyxsports.co/static/javascript/7b7d3868.bootstrap-image-gallery.js]
[www.google-analytics.com/ga.js]
[www.onyxsports.co/index.html]
[www.googletagmanager.com/gtm5445.html]
[cdnjs.cloudflare.com/ajax/libs/normalize/3.0.0/normalize.min.css]
[cdnjs.cloudflare.com/ajax/libs/jqueryui/1.11.4/images/ui-bg_highlight-soft_100_eeeeee_1x100.png]
[cdnjs.cloudflare.com/ajax/libs/jqueryui/1.11.4/images/ui-bg_gloss-wave_35_f6a828_500x100.png]
[cdnjs.cloudflare.com/ajax/libs/jqueryui/1.11.4/images/ui-bg_glass_100_f6f6f6_1x400.png]
[cdnjs.cloudflare.com/ajax/libs/jqueryui/1.11.4/images/ui-bg_glass_100_fdf5ce_1x400.png]
[cdnjs.cloudflare.com/ajax/libs/jqueryui/1.11.4/images/ui-bg_glass_65_ffffff_1x400.png]
[cdnjs.cloudflare.com/ajax/libs/jqueryui/1.11.4/images/ui-bg_highlight-soft_75_ffe45c_1x100.png]
[cdnjs.cloudflare.com/ajax/libs/jqueryui/1.11.4/images/ui-bg_diagonals-thick_18_b81900_40x40.png]
[cdnjs.cloudflare.com/ajax/libs/jqueryui/1.11.4/images/ui-icons_222222_256x240.png]
[cdnjs.cloudflare.com/ajax/libs/jqueryui/1.11.4/images/ui-icons_ffffff_256x240.png]
[cdnjs.cloudflare.com/ajax/libs/jqueryui/1.11.4/images/ui-icons_ef8c08_256x240.png]
[cdnjs.cloudflare.com/ajax/libs/jqueryui/1.11.4/images/ui-icons_228ef1_256x240.png]
[cdnjs.cloudflare.com/ajax/libs/jqueryui/1.11.4/images/ui-icons_ffd27a_256x240.png]
[cdnjs.cloudflare.com/ajax/libs/jqueryui/1.11.4/images/ui-bg_diagonals-thick_20_666666_40x40.png]
[cdnjs.cloudflare.com/ajax/libs/jqueryui/1.11.4/images/ui-bg_flat_10_000000_40x100.png]
[cdnjs.cloudflare.com/ajax/libs/jqueryui/1.11.4/jquery-ui.css]
[blueimp.github.io/Gallery/img/loading.gif]
[blueimp.github.io/Gallery/img/error.png]
[blueimp.github.io/Gallery/img/play-pause.png]
[blueimp.github.io/Gallery/img/video-play.png]
[blueimp.github.io/Gallery/css/blueimp-gallery.min.css]
[www.onyxsports.co/static/imgs/bg2.png]
[www.onyxsports.co/static/fonts/glyphicons-halflings-regular.eot]
[www.onyxsports.co/static/fonts/glyphicons-halflings-regular.woff2]
[www.onyxsports.co/static/fonts/glyphicons-halflings-regulard41d.eot]
[www.onyxsports.co/static/fonts/glyphicons-halflings-regular.svg]
[www.onyxsports.co/static/css/2d1ef0ca.bootstrap.css]
[www.onyxsports.co/static/css/46128726.carousel.css]
[www.onyxsports.co/apple-touch-icon-114.png]
[www.onyxsports.co/apple-touch-icon-144.png]
[www.onyxsports.co/windows-tile.png]
[www.onyxsports.co/IanLunn/Hover/archive/master.zip]
[www.onyxsports.co/IanLunn/Hover/blob/gh-pages/css/hover-min.css]
[www.onyxsports.co/IanLunn/Hover/blob/master/css/hover-min.css]
[www.onyxsports.co/IanLunn/Hover/tree/2.0.2/css/hover-min.css]
[www.onyxsports.co/static/fonts/glyphicons-halflings-regular.woff]
[www.onyxsports.co/IanLunn/Hover/tree/2.0.1/css/hover-min.css]
[www.onyxsports.co/static/fonts/glyphicons-halflings-regular.ttf]
[www.onyxsports.co/IanLunn/Hover/tree/2.0.0/css/hover-min.css]
[www.onyxsports.co/IanLunn/Hover/tree/1.1.10/css/hover-min.css]
[www.onyxsports.co/IanLunn/Hover/tree/1.0.9/css/hover-min.css]
[www.onyxsports.co/IanLunn/Hover/tree/1.0.8/css/hover-min.css]
[www.onyxsports.co/IanLunn/Hover/commits/master/css/hover-min7680.css]
[www.onyxsports.co/IanLunn/Hover/commits/master/css/hover-min80f4.css]
[www.onyxsports.co/IanLunn/Hover/commits/master/css/hover-min2c19.css]
[www.onyxsports.co/IanLunn/Hover/commits/master/css/hover-min52fe.css]
[www.onyxsports.co/IanLunn/Hover/commits/master/css/hover-min8e8d.css]
[www.onyxsports.co/static/css/77af7d38.hover.css]
[www.onyxsports.co/static/images/arrows.png]
[www.onyxsports.co/static/css/e0ae26a8.movingboxes.css]
[www.onyxsports.co/static/static/images/loading.gif]
[www.onyxsports.co/static/css/cdd410ba.bootstrap-image-gallery.css]
[www.onyxsports.co/static/fonts/leaguegothic-condensedregular-webfont.eot]
[www.onyxsports.co/static/fonts/leaguegothic-condensedregular-webfontd41d.eot]
[www.onyxsports.co/static/fonts/leaguegothic-condensedregular-webfont.woff]
[www.onyxsports.co/static/fonts/leaguegothic-condensedregular-webfont.svg]
[www.onyxsports.co/static/fonts/leaguegothic-condensedregular-webfont.ttf]
[www.onyxsports.co/static/fonts/leaguegothic-regular-webfont.eot]
[www.onyxsports.co/static/fonts/leaguegothic-regular-webfont.woff]
[www.onyxsports.co/static/fonts/leaguegothic-regular-webfont.svg]
[www.onyxsports.co/static/fonts/leaguegothic-regular-webfontd41d.eot]
[www.onyxsports.co/static/fonts/leaguegothic-regular-webfont.ttf]
[www.onyxsports.co/static/fonts/oswald-bold-webfont.eot]
[www.onyxsports.co/static/fonts/oswald-bold-webfont.woff]
[www.onyxsports.co/static/fonts/oswald-bold-webfontd41d.eot]
[www.onyxsports.co/static/fonts/oswald-bold-webfont.svg]
[www.onyxsports.co/static/fonts/oswald-bold-webfont.ttf]
[www.onyxsports.co/static/fonts/oswald-light-webfont.eot]
[www.onyxsports.co/static/fonts/oswald-light-webfont.woff]
[www.onyxsports.co/static/fonts/oswald-light-webfont.svg]
[www.onyxsports.co/static/fonts/oswald-light-webfont.ttf]
[www.onyxsports.co/static/fonts/oswald-light-webfontd41d.eot]
[www.onyxsports.co/static/fonts/oswald-extralight-webfont.eot]
[www.onyxsports.co/static/fonts/oswald-extralight-webfont.woff]
[www.onyxsports.co/static/fonts/oswald-extralight-webfont.svg]
[www.onyxsports.co/static/fonts/oswald-extralight-webfontd41d.eot]
[www.onyxsports.co/static/fonts/oswald-extralight-webfont.ttf]
[www.onyxsports.co/static/fonts/oswald-medium-webfont.eot]
[www.onyxsports.co/static/fonts/oswald-medium-webfont.woff]
[www.onyxsports.co/static/fonts/oswald-medium-webfontd41d.eot]
[www.onyxsports.co/static/fonts/oswald-medium-webfont.svg]
[www.onyxsports.co/static/fonts/oswald-medium-webfont.ttf]
[www.onyxsports.co/static/fonts/oswald-regular-webfont.eot]
[www.onyxsports.co/static/fonts/oswald-regular-webfont.woff]
[www.onyxsports.co/static/fonts/oswald-regular-webfont.svg]
[www.onyxsports.co/static/fonts/3f8a1827.fonts.css]
[www.onyxsports.co/contact-us/index.html]
[www.onyxsports.co/static/fonts/oswald-regular-webfontd41d.eot]
[www.onyxsports.co/webhook-uploads/1536057185944/BBALL1 ARMY-01-01.png]
[www.onyxsports.co/webhook-uploads/1536043388297/BBALL2-01-01.png]
[www.onyxsports.co/static/fonts/oswald-regular-webfont.ttf]
[www.onyxsports.co/webhook-uploads/1536050905786/Tigers-01-01-01-01-01.png]
[www.onyxsports.co/webhook-uploads/1536053110119/BBALL4-01-01.png]
[www.onyxsports.co/webhook-uploads/1536056456103/BBALL5-01-01-01.png]
[www.onyxsports.co/webhook-uploads/1536049645618/BBALL3-01.png]
[www.onyxsports.co/testimonial.html]
[www.onyxsports.co/basketball/index.html]
[www.onyxsports.co/webhook-uploads/1536205280579/Hockey01-01.png]
[www.onyxsports.co/webhook-uploads/1536205280678/Hockey03-01.png]
[www.onyxsports.co/webhook-uploads/1536205280131/Hockey02-01.png]
[www.onyxsports.co/webhook-uploads/1536205280456/Hockey05-01.png]
[www.onyxsports.co/webhook-uploads/1483482531966/Web-Hockey3.2.png]
[www.onyxsports.co/webhook-uploads/1536205293781/Ladies Hockey-01-01-01-01.png]
[www.onyxsports.co/webhook-uploads/1483878753583/ONYX.Hockey5.png]
[www.onyxsports.co/webhook-uploads/1536205280505/Hockey04-01.png]
[www.onyxsports.co/hockey/index.html]
[www.onyxsports.co/webhook-uploads/1536583670238/RL-03-01.png]
[www.onyxsports.co/webhook-uploads/1536583670752/RL-02-01.png]
[www.onyxsports.co/webhook-uploads/1536910211054/RL-06-01-01.png]
[www.onyxsports.co/webhook-uploads/1536844085677/RL-04-01.png]
[www.onyxsports.co/webhook-uploads/1536846117581/RL-05-01.png]
[www.onyxsports.co/league/index.html]
[www.onyxsports.co/webhook-uploads/1486111938281/ONYX.Netball.5.png]
[www.onyxsports.co/webhook-uploads/1486091864368/ONYX.Netball2.png]
[www.onyxsports.co/webhook-uploads/1486097494134/ONYX.Netball3.png]
[www.onyxsports.co/webhook-uploads/1486046404435/ONYX.Netball1.png]
[www.onyxsports.co/webhook-uploads/1486125393362/ONYX.Netball.6.png]
[www.onyxsports.co/netball/index.html]
[www.onyxsports.co/webhook-uploads/1536929954944/CNS Hoody-01-01.png]
[www.onyxsports.co/webhook-uploads/1536929954949/CNS Hoody-01.png]
[www.onyxsports.co/webhook-uploads/1536931202298/Tracksuit-01.png]
[www.onyxsports.co/webhook-uploads/1536929955226/Gilet-01.png]
[www.onyxsports.co/webhook-uploads/1536929954188/Jacket-01.png]
[www.onyxsports.co/off-field-apparel/index.html]
[www.onyxsports.co/webhook-uploads/1536134654513/Rugby 18-05-01.png]
[www.onyxsports.co/webhook-uploads/1536106489507/Rugby 18-01.png]
[www.onyxsports.co/webhook-uploads/1536132900782/Rugby 18-04-01.png]
[www.onyxsports.co/webhook-uploads/1536138670009/Rugby 18-07-01-01.png]
[www.onyxsports.co/webhook-uploads/1536117821448/Rugby 18-02-01-01-01-01.png]
[www.onyxsports.co/webhook-uploads/1536131803998/Rugby 18-03-01-01.png]
[www.onyxsports.co/webhook-uploads/1536137762952/Rugby 18-06-01.png]
[www.onyxsports.co/rugby/index.html]
[www.onyxsports.co/webhook-uploads/1536309949505/Soccer 3-01.png]
[www.onyxsports.co/webhook-uploads/1536309949997/Soccer 2-01.png]
[www.onyxsports.co/webhook-uploads/1536309950005/Soccer 4-01.png]
[www.onyxsports.co/webhook-uploads/1536309950047/Soccer 5-01.png]
[www.onyxsports.co/webhook-uploads/1536309950042/Soccer 6-01.png]
[www.onyxsports.co/webhook-uploads/1536309959741/Soccer1-01-01.png]
[www.onyxsports.co/soccer/index.html]
[www.onyxsports.co/webhook-uploads/1483523557085/ONYX.Touch2.png]
[www.onyxsports.co/webhook-uploads/1483111978807/TouchF.png]
[www.onyxsports.co/webhook-uploads/1483111966859/ONYX.Touch.png]
[www.onyxsports.co/webhook-uploads/1483668365037/ONYX.Touch3.png]
[www.onyxsports.co/touch-rugby/index.html]
[www.onyxsports.co/webhook-uploads/1486190787743/ONYX.Paddling.2.png]
[www.onyxsports.co/webhook-uploads/1486197191298/ONYX.Paddling.3.png]
[www.onyxsports.co/webhook-uploads/1486206824694/ONYX.Paddling.4.png]
[www.onyxsports.co/waka-ama/index.html]
[www.onyxsports.co/about-us/index.html]
[www.onyxsports.co/testimonial/index.html]
[www.onyxsports.co/privacy.html]
[www.onyxsports.co/terms.html]
[www.onyxsports.co/static/fonts/glyphicons-halflings-regular.svg]
[www.onyxsports.co/apple-touch-icon-114.html]
[www.onyxsports.co/apple-touch-icon-144.html]
[www.onyxsports.co/windows-tile.html]
[www.onyxsports.co/IanLunn/Hover/archive/master.html]
[www.onyxsports.co/IanLunn/Hover/blob/gh-pages/css/hover-min.html]
[www.onyxsports.co/IanLunn/Hover/blob/master/css/hover-min.html]
[www.onyxsports.co/IanLunn/Hover/tree/2.0.2/css/hover-min.html]
[www.onyxsports.co/IanLunn/Hover/tree/2.0.1/css/hover-min.html]
[www.onyxsports.co/IanLunn/Hover/tree/2.0.0/css/hover-min.html]
[www.onyxsports.co/IanLunn/Hover/tree/1.1.10/css/hover-min.html]
[www.onyxsports.co/IanLunn/Hover/tree/1.0.9/css/hover-min.html]
[www.onyxsports.co/IanLunn/Hover/tree/1.0.8/css/hover-min.html]
[www.onyxsports.co/IanLunn/Hover/commits/master/css/hover-min7680.html]
[www.onyxsports.co/IanLunn/Hover/commits/master/css/hover-min80f4.html]
[www.onyxsports.co/IanLunn/Hover/commits/master/css/hover-min2c19.html]
[www.onyxsports.co/IanLunn/Hover/commits/master/css/hover-min52fe.html]
[www.onyxsports.co/IanLunn/Hover/commits/master/css/hover-min8e8d.html]
[www.onyxsports.co/static/static/images/loading.html]
[www.onyxsports.co/static/fonts/leaguegothic-condensedregular-webfont.svg]
[www.onyxsports.co/static/fonts/leaguegothic-regular-webfont.svg]
[www.onyxsports.co/static/fonts/oswald-bold-webfont.svg]
[www.onyxsports.co/static/fonts/oswald-light-webfont.svg]
[www.onyxsports.co/static/fonts/oswald-extralight-webfont.svg]
[www.onyxsports.co/static/fonts/oswald-medium-webfont.svg]
[www.onyxsports.co/static/fonts/oswald-regular-webfont.svg]
[www.onyxsports.co/testimonial.html]
